exports[`PerformanceList (Snapshot) renders correctly with default props 1`] = `
<div
  className="performance-list" />
`;

exports[`PerformanceList (Snapshot) renders correctly with list of performances and selected performance 1`] = `
<div
  className="performance-list">
  <div
    className="performance-list-item-wrapper">
    <div
      className="performance-list-item Ripple-parent selected"
      onClick={[Function]}
      onMouseUp={[Function]}
      onTouchEnd={[Function]}>
      <span
        className="mui--text-body2">
        60.5
      </span>
      <span>
        10K
      </span>
      <span
        className="mui--text-caption">
        35:13
      </span>
      <div
        className="Ripple "
        style={
          Object {
            "height": "0px",
            "left": "0px",
            "top": "0px",
            "width": "0px",
          }
        } />
    </div>
    <button
      className="remove-btn"
      disabled={false}
      href={undefined}
      onBlur={[Function]}
      onClick={[Function]}
      onFocus={[Function]}
      onKeyDown={[Function]}
      onKeyUp={[Function]}
      onMouseEnter={[Function]}
      onMouseLeave={[Function]}
      onMouseOut={[Function]}
      onTouchStart={[Function]}
      onTouchTap={[Function]}
      style={
        Object {
          "WebkitTapHighlightColor": "rgba(0, 0, 0, 0)",
          "background": "none",
          "border": 10,
          "boxSizing": "border-box",
          "cursor": "pointer",
          "display": "inline-block",
          "fontFamily": "Roboto, sans-serif",
          "fontSize": 0,
          "fontWeight": "inherit",
          "height": 48,
          "margin": 0,
          "muiPrepared": true,
          "outline": "none",
          "overflow": "visible",
          "padding": 12,
          "position": "relative",
          "textDecoration": "none",
          "transition": "all 450ms cubic-bezier(0.23, 1, 0.32, 1) 0ms",
          "verticalAlign": null,
          "width": 48,
          "zIndex": 1,
        }
      }
      tabIndex={0}
      type="button">
      <div
        onMouseDown={[Function]}
        onMouseLeave={[Function]}
        onMouseUp={[Function]}
        onTouchEnd={[Function]}
        onTouchStart={[Function]}>
        <svg
          onMouseEnter={[Function]}
          onMouseLeave={[Function]}
          style={
            Object {
              "color": "#ff4081",
              "display": "inline-block",
              "fill": "currentColor",
              "height": 24,
              "muiPrepared": true,
              "transition": "all 450ms cubic-bezier(0.23, 1, 0.32, 1) 0ms",
              "userSelect": "none",
              "width": 24,
            }
          }
          viewBox="0 0 24 24">
          <path
            d="M7 11v2h10v-2H7zm5-9C6.48 2 2 6.48 2 12s4.48 10 10 10 10-4.48 10-10S17.52 2 12 2zm0 18c-4.41 0-8-3.59-8-8s3.59-8 8-8 8 3.59 8 8-3.59 8-8 8z" />
        </svg>
      </div>
    </button>
  </div>
  <div
    className="performance-list-item-wrapper">
    <div
      className="performance-list-item Ripple-parent"
      onClick={[Function]}
      onMouseUp={[Function]}
      onTouchEnd={[Function]}>
      <span
        className="mui--text-body2">
        43.3
      </span>
      <span>
        Half
      </span>
      <span
        className="mui--text-caption">
        1:43:51
      </span>
      <div
        className="Ripple "
        style={
          Object {
            "height": "0px",
            "left": "0px",
            "top": "0px",
            "width": "0px",
          }
        } />
    </div>
  </div>
</div>
`;
